>>> matrix_divided = __import__("2-matrix_divided").matrix_divided
>>> matrix = [[1, 2, 3], [4, 5, 6]]
>>> matrix_divided(matrix, 3)
[[0.33, 0.67, 1.0], [1.33, 1.67, 2.0]]
>>> matrix_divided(matrix, -2)
[[-0.5, -1.0, -1.5], [-2.0, -2.5, -3.0]]
>>> matrix_divided([[1.5, 2.8, 3.3], [4.2, 5.5, 6.8]], 2)
[[0.75, 1.4, 1.65], [2.1, 2.75, 3.4]]
>>> matrix_divided([[1, 2], [3, 4]], 0)
Traceback (most recent call last):
    ...
ZeroDivisionError: division by zero
>>> matrix_divided([[1, 2], [3]], 2)
Traceback (most recent call last):
    ...
TypeError: Each row of the matrix must have the same size
